split ex-dates: 101 from corporate_actions, 299 after corporate_action_events
=== R-A  CUTOFF PURIFICATION (day-collapsed NW(20)) ===
  cut   near-miss window   dates   day-mean    NW(20) t
   0.95  0.70-cut         465     -0.05%    -3.94
   0.95  0.80-cut         414     -0.04%    -3.39
   0.95  0.85-cut         390     -0.03%    -2.56
   0.95  0.90-cut         354     -0.02%    -1.22
   0.95  0.85-0.95        390     -0.03%    -2.56
   0.95  0.90-0.95        354     -0.02%    -1.22
   0.97  0.70-cut         441     -0.05%    -4.60
   0.97  0.80-cut         408     -0.05%    -3.37
   0.97  0.85-cut         395     -0.04%    -2.87
   0.97  0.90-cut         377     -0.03%    -1.99
   0.97  0.85-0.95        367     -0.05%    -3.35
   0.97  0.90-0.95        332     -0.03%    -2.05
   0.99  0.70-cut         341     -0.02%    -1.56
   0.99  0.80-cut         321     -0.02%    -1.37
   0.99  0.85-cut         318     -0.01%    -0.73
   0.99  0.90-cut         314     -0.01%    -0.37
   0.99  0.85-0.95        275     -0.04%    -3.02
   0.99  0.90-0.95        255     -0.04%    -2.42

=== R-B  MIN_EACH SENSITIVITY (cut 0.95, near-miss 0.85-0.95) ===
  min_each=1: dates= 390  day-mean=  -0.03%  NW(20) t= -2.56
  min_each=2: dates= 296  day-mean=  -0.02%  NW(20) t= -1.96
  min_each=3: dates= 230  day-mean=  -0.02%  NW(20) t= -1.87
  min_each=5: dates= 129  day-mean=  -0.01%  NW(20) t= -1.14

=== R-C  DEPTH-BIN PROFILE vs FIXED 0.70-0.85 BASELINE ===
  baseline 0.70-0.85: n=2241 mean excess=+0.0013
  depth 0.70-0.80: n=  1565  mean excess= +0.0011  vs baseline  -0.02%  NW(20) t(diff)= +0.29
  depth 0.80-0.85: n=   676  mean excess= +0.0016  vs baseline  +0.03%  NW(20) t(diff)= +0.55
  depth 0.85-0.90: n=   773  mean excess= +0.0006  vs baseline  -0.07%  NW(20) t(diff)= +0.14
  depth 0.90-0.95: n=  1328  mean excess= -0.0224  vs baseline  -2.37%  NW(20) t(diff)= -2.38
  depth 0.95-0.97: n=   887  mean excess= -0.0273  vs baseline  -2.86%  NW(20) t(diff)= -2.18
  depth 0.97-0.99: n=  1064  mean excess= -0.0494  vs baseline  -5.07%  NW(20) t(diff)= -4.83
  depth 0.99-1.01: n=   695  mean excess= -0.0392  vs baseline  -4.04%  NW(20) t(diff)= -2.45
  depth 1.01-99.00: n=    80  mean excess= -0.1239  vs baseline -12.52%  NW(20) t(diff)= -2.31
