split ex-dates: 101 from corporate_actions, 299 after corporate_action_events

======================================================================================
ONSET LOCATION BY BAND WIDTH — the band-vs-magnitude discriminator
======================================================================================

R1  band=0.07  n=17675
      depth bin    |ret| range      n  mean exc
      0.50-0.70       3.5-4.9%   3633    -0.19%
      0.70-0.80       4.9-5.6%   1141    +0.16%
      0.80-0.90       5.6-6.3%   1137    +0.04%
      0.90-0.95       6.3-6.7%   1164    -2.99%
      0.95-1.01       6.7-7.1%   1902    -4.02%
      1.01-9.00      7.1-63.0%     65   -14.98%

R2  band=0.15  n=2255
      depth bin    |ret| range      n  mean exc
      0.50-0.70      7.5-10.5%    177   -10.23%
      0.70-0.80     10.5-12.0%     19    (thin)
      0.80-0.90     12.0-13.5%     12    (thin)
      0.90-0.95     13.5-14.2%     11    (thin)
      0.95-1.01     14.2-15.1%     59    -7.75%
      1.01-9.00    15.1-135.0%      0    (thin)

R4  band=0.15  n=21988
      depth bin    |ret| range      n  mean exc
      0.50-0.70      7.5-10.5%   2015    +0.05%
      0.70-0.80     10.5-12.0%    360    -0.31%
      0.80-0.90     12.0-13.5%    276    +0.61%
      0.90-0.95     13.5-14.2%    145    +4.15%
      0.95-1.01     14.2-15.1%    601    -2.58%
      1.01-9.00    15.1-135.0%     14    (thin)

R3_20  band=0.20  n=1071
      depth bin    |ret| range      n  mean exc
      0.50-0.70     10.0-14.0%     16    (thin)
      0.70-0.80     14.0-16.0%      6    (thin)
      0.80-0.90     16.0-18.0%      0    (thin)
      0.90-0.95     18.0-19.0%      2    (thin)
      0.95-1.01     19.0-20.2%      8    (thin)
      1.01-9.00    20.2-180.0%      0    (thin)

R3_25  band=0.25  n=10104
      depth bin    |ret| range      n  mean exc
      0.50-0.70     12.5-17.5%    105    -2.81%
      0.70-0.80     17.5-20.0%     33    (thin)
      0.80-0.90     20.0-22.5%     21    (thin)
      0.90-0.95     22.5-23.8%      6    (thin)
      0.95-1.01     23.8-25.2%     65   -10.83%
      1.01-9.00    25.2-225.0%      1    (thin)

R3_35  band=0.35  n=4254
      depth bin    |ret| range      n  mean exc
      0.50-0.70     17.5-24.5%     39    (thin)
      0.70-0.80     24.5-28.0%      6    (thin)
      0.80-0.90     28.0-31.5%      3    (thin)
      0.90-0.95     31.5-33.2%      0    (thin)
      0.95-1.01     33.2-35.3%     11    (thin)
      1.01-9.00    35.3-315.0%      0    (thin)

======================================================================================
SAME PROFILE IN RAW |ret| UNITS (if the onset tracks |ret|, these align instead)
======================================================================================

R1  band=0.07
   |ret|    2-   5%  n=12430  mean exc   -0.30%
   |ret|    5-   8%  n= 5187  mean exc   -2.06%
   |ret|    8-  11%  n=   57  mean exc  -16.99%
   |ret|   11-  14%  n=    0   (thin)
   |ret|   14-  18%  n=    0   (thin)
   |ret|   18-  25%  n=    0   (thin)
   |ret|   25- 100%  n=    1   (thin)

R2  band=0.15
   |ret|    2-   5%  n= 1731  mean exc   -0.29%
   |ret|    5-   8%  n=  279  mean exc   -2.40%
   |ret|    8-  11%  n=  152  mean exc  -11.49%
   |ret|   11-  14%  n=   30   (thin)
   |ret|   14-  18%  n=   63  mean exc   -8.15%
   |ret|   18-  25%  n=    0   (thin)
   |ret|   25- 100%  n=    0   (thin)

R4  band=0.15
   |ret|    2-   5%  n=14838  mean exc   -0.36%
   |ret|    5-   8%  n= 4154  mean exc   +0.20%
   |ret|    8-  11%  n= 1739  mean exc   -0.15%
   |ret|   11-  14%  n=  588  mean exc   +0.71%
   |ret|   14-  18%  n=  658  mean exc   -2.17%
   |ret|   18-  25%  n=    4   (thin)
   |ret|   25- 100%  n=    7   (thin)

R3_20  band=0.20
   |ret|    2-   5%  n=  865  mean exc   -1.23%
   |ret|    5-   8%  n=  138  mean exc   +0.99%
   |ret|    8-  11%  n=   41  mean exc   -3.91%
   |ret|   11-  14%  n=   11   (thin)
   |ret|   14-  18%  n=    6   (thin)
   |ret|   18-  25%  n=   10   (thin)
   |ret|   25- 100%  n=    0   (thin)

R3_25  band=0.25
   |ret|    2-   5%  n= 7953  mean exc   +0.18%
   |ret|    5-   8%  n= 1380  mean exc   +0.00%
   |ret|    8-  11%  n=  466  mean exc   -2.51%
   |ret|   11-  14%  n=  120  mean exc   -1.65%
   |ret|   14-  18%  n=   69  mean exc   -5.02%
   |ret|   18-  25%  n=   96  mean exc   -4.31%
   |ret|   25- 100%  n=   20   (thin)

======================================================================================
PROVENANCE OF THE depth>=1.01 BUCKET (falls that EXCEED the tabled band)
======================================================================================
  n=80  mean excess -12.39%
  ticker   date              ret   band  depth  regime
  ?        2026-01-12     -91.7%   0.15   6.11      R4
  ?        2025-09-30     -68.3%   0.15   4.55      R4
  ?        2026-07-10     -39.9%   0.15   2.66      R4
  ?        2025-12-29     -39.4%   0.15   2.63      R4
  ?        2026-05-18     -36.2%   0.15   2.41      R4
  ?        2022-02-14     -34.3%   0.07   4.90      R1
  ?        2025-12-15     -28.2%   0.15   1.88      R4
  ?        2024-03-27     -26.2%   0.25   1.05      R3
  ?        2026-07-08     -26.0%   0.15   1.73      R4
  ?        2026-07-27     -22.0%   0.15   1.47      R4
  ?        2026-03-05     -20.9%   0.15   1.40      R4
  ?        2026-06-17     -20.2%   0.15   1.35      R4
  ?        2026-04-28     -19.6%   0.15   1.31      R4
  ?        2026-07-07     -17.5%   0.15   1.17      R4
  ?        2025-06-30     -17.2%   0.15   1.15      R4
